# serializer version: 1
# name: test_binary_sensor_entities_snapshot[binary_sensor.xenia_espresso_machine_water_tank_empty-registry]
  EntityRegistryEntrySnapshot({
    'aliases': list([
      None,
    ]),
    'area_id': None,
    'capabilities': None,
    'config_entry_id': <ANY>,
    'config_subentry_id': <ANY>,
    'device_class': None,
    'device_id': <ANY>,
    'disabled_by': None,
    'domain': 'binary_sensor',
    'entity_category': None,
    'entity_id': 'binary_sensor.xenia_espresso_machine_water_tank_empty',
    'has_entity_name': True,
    'hidden_by': None,
    'icon': None,
    'id': <ANY>,
    'labels': set({
    }),
    'name': None,
    'object_id_base': 'Water tank empty',
    'options': dict({
    }),
    'original_device_class': <BinarySensorDeviceClass.PROBLEM: 'problem'>,
    'original_icon': 'mdi:water-off',
    'original_name': 'Water tank empty',
    'platform': 'xenia_home',
    'previous_unique_id': None,
    'suggested_object_id': None,
    'supported_features': 0,
    'translation_key': 'water_tank_empty',
    'unique_id': 'xenia.local_water_tank_empty',
    'unit_of_measurement': None,
  })
# ---
# name: test_binary_sensor_entities_snapshot[binary_sensor.xenia_espresso_machine_water_tank_empty-state]
  StateSnapshot({
    'attributes': ReadOnlyDict({
      'device_class': 'problem',
      'friendly_name': 'Xenia Espresso Machine Water tank empty',
      'icon': 'mdi:water-off',
    }),
    'context': <ANY>,
    'entity_id': 'binary_sensor.xenia_espresso_machine_water_tank_empty',
    'last_changed': <ANY>,
    'last_reported': <ANY>,
    'last_updated': <ANY>,
    'state': 'off',
  })
# ---
